src/layouts/BaseLayout.tsx(4,52): error TS6133: 'Settings' is declared but its value is never read.
src/store/useAuthStore.ts(2,10): error TS1484: 'User' is a type and must be imported using a type-only import when 'verbatimModuleSyntax' is enabled.
src/store/useAuthStore.ts(16,53): error TS6133: 'get' is declared but its value is never read.
src/store/useFinanceStore.ts(2,10): error TS1484: 'Transaction' is a type and must be imported using a type-only import when 'verbatimModuleSyntax' is enabled.
src/store/useFinanceStore.ts(2,23): error TS1484: 'Goal' is a type and must be imported using a type-only import when 'verbatimModuleSyntax' is enabled.
