src/features/admin/AdminPanel.tsx(4,21): error TS6196: 'Role' is declared but never used.
src/features/admin/AdminPanel.tsx(12,26): error TS6133: 'CreditCard' is declared but its value is never read.
src/features/admin/AdminPanel.tsx(12,38): error TS6133: 'Settings2' is declared but its value is never read.
